hot: noise  (agreement with the heart: 0.04)
●●······●··●●●●●●·●●·●·●●·●●●····●·●
●···●·●··●●●·●··●●●●●●●··●·●●·●●···●
·●··●·●●··●·●·····●●●●●●●··●··●●·●●·
●●●●●···●●●●··●·●·●●···●●●·●·●·●·●·●
●●·●··●·●●·●·●·●·●··●····●●●···●··●●
●●●·●●···●·●··●·●··●●●●●●●●●●·●●····
··●●·●●·●●●●●●··●·●●·●··●··●●●●·····
●●●·●··●●●●●·●●●●●●··●●····●·●●··●··
●●···●●●···●●·●●·●·●●·●·●··●·●●●●●·●
●·●●·●●··●·●●●·●·●··●·●●●·●·●·●●●●·●
·●●●·●●·●●●●●●···●●··●···●··●●·●···●
●·●·●··●●●····●●●··●···●·●●·●●·●●·●●
·●··●●·●●●●··●····●●·●··●●●·●···●·●·
●·····●··●··●●·●···●●··●●●●·●●●·····
·●●●·●●●·●·●·●·●·●●●···●·●··●·●●●·●·

12 sweeps: cooling  (agreement with the heart: 0.83)
·····●·●●●●●●·●······●●●●●·●●·●·····
······●●●●●●●●●●●●●·●●·●●●●●●●●●···●
···●●●··●●●●●●●●●●●●●●·●●●●●●●●●●···
··●●●●●●●●●●●●●●●●●●·●●●●●●●●●●●●●··
··●●●●●●·●·●●●···●●●●●●●●●●●●●●●●●··
···●●●●●●●●●●●●●●●●●●●●●●·●●●●●●●···
···●●●●●●··●●●●●●●●●●●●●●●●●●●●●●··●
····●●●·●●·●●●●●●●●●●●●●●●●●●●●●●·●·
····●●●●●●●●●●●·●●●●·●●●●●●●●●●●····
········●●●●●●●●●●●●●●●●●●●●●···●···
········●●●●●●●●●●●●●●●●●●●·········
·········●●●●●●●●●●●●●●●···●········
·············●·●●●●·●······●···●····
······●·····························
·······●··········●················●

40 sweeps: settled  (agreement with the heart: 1.00)
·······●●●●●●●●······●●●●●●●●·······
····●●●●●●●●●●●●●●●●●●●●●●●●●●●●····
···●●●●●●●●●●●●●●●●●●●●●●●●●●●●●●···
··●●●●●●●●●●●●●●●●●●●●●●●●●●●●●●●●··
··●●●●●●●●●●●●●●●●●●●●●●●●●●●●●●●●··
···●●●●●●●●●●●●●●●●●●●●●●●●●●●●●●···
···●●●●●●●●●●●●●●●●●●●●●●●●●●●●●●···
····●●●●●●●●●●●●●●●●●●●●●●●●●●●●····
·····●●●●●●●●●●●●●●●●●●●●●●●●●●·····
·······●●●●●●●●●●●●●●●●●●●●●●·······
·········●●●●●●●●●●●●●●●●●●·········
············●●●●●●●●●●●●············
···············●●●●●●···············
····································
····································

